MIF/HEX Update report for logisimTopLevelShell
Sun Jun 07 19:42:51 2026
Quartus Prime Version 18.1.0 Build 625 09/12/2018 SJ Lite Edition


---------------------
; Table of Contents ;
---------------------
  1. Legal Notice
  2. MIF/HEX Update Summary
  3. MIF/HEX Update Processed Files
  4. MIF/HEX Update Messages



----------------
; Legal Notice ;
----------------
Copyright (C) 2018  Intel Corporation. All rights reserved.
Your use of Intel Corporation's design tools, logic functions 
and other software and tools, and its AMPP partner logic 
functions, and any output files from any of the foregoing 
(including device programming or simulation files), and any 
associated documentation or information are expressly subject 
to the terms and conditions of the Intel Program License 
Subscription Agreement, the Intel Quartus Prime License Agreement,
the Intel FPGA IP License Agreement, or other applicable license
agreement, including, without limitation, that your use is for
the sole purpose of programming logic devices manufactured by
Intel and sold by Intel or its authorized distributors.  Please
refer to the applicable agreement for further details.



+---------------------------------------------------------------+
; MIF/HEX Update Summary                                        ;
+-----------------------+---------------------------------------+
; MIF/HEX Update Status ; Successful - Sun Jun 07 19:42:51 2026 ;
; Revision Name         ; logisimTopLevelShell                  ;
; Top-level Entity Name ; logisimTopLevelShell                  ;
; Family                ; Cyclone V                             ;
; Device                ; 5CSEMA5F31C6                          ;
+-----------------------+---------------------------------------+


+---------------------------------------------------------------+
; MIF/HEX Update Processed Files                                ;
+---------------------------------------------------------------+
; File Name                                                     ;
+---------------------------------------------------------------+
; C:/.Cloud Documents/Osman/OsmanFPGA/instrukcijskaMemorija.mif ;
; C:/.Cloud Documents/Osman/OsmanFPGA/ram.mif                   ;
+---------------------------------------------------------------+


+-------------------------+
; MIF/HEX Update Messages ;
+-------------------------+
Info: *******************************************************************
Info: Running Quartus Prime MIF/HEX Update
    Info: Version 18.1.0 Build 625 09/12/2018 SJ Lite Edition
    Info: Processing started: Sun Jun 07 19:42:48 2026
Info: Command: quartus_cdb OSMAN -c logisimTopLevelShell --update_mif
Warning (18236): Number of processors has not been specified which may cause overloading on shared machines.  Set the global assignment NUM_PARALLEL_PROCESSORS in your QSF to an appropriate value for best performance.
Critical Warning (127005): Memory depth (257) in the design file differs from memory depth (256) in the Memory Initialization File "C:/.Cloud Documents/Osman/OsmanFPGA/ram.mif" -- setting initial value for remaining addresses to 0
Info (39024): Processed the following Memory Initialization File(s)
    Info (39025): Processed Memory Initialization File C:/.Cloud Documents/Osman/OsmanFPGA/instrukcijskaMemorija.mif File: C:/.Cloud Documents/Osman/OsmanFPGA/instrukcijskaMemorija.mif Line: 0
    Info (39025): Processed Memory Initialization File C:/.Cloud Documents/Osman/OsmanFPGA/ram.mif File: C:/.Cloud Documents/Osman/OsmanFPGA/ram.mif Line: 0
Info: Quartus Prime MIF/HEX Update was successful. 0 errors, 2 warnings
    Info: Peak virtual memory: 4879 megabytes
    Info: Processing ended: Sun Jun 07 19:42:51 2026
    Info: Elapsed time: 00:00:03
    Info: Total CPU time (on all processors): 00:00:01


