------------------------------------------------------------
Timing Analyzer Summary
------------------------------------------------------------

Type  : Slow 1100mV 85C Model Setup 'fpgaGlobalClock'
Slack : -9.155
TNS   : -971.662

Type  : Slow 1100mV 85C Model Hold 'fpgaGlobalClock'
Slack : 0.383
TNS   : 0.000

Type  : Slow 1100mV 85C Model Minimum Pulse Width 'fpgaGlobalClock'
Slack : -2.636
TNS   : -228.203

Type  : Slow 1100mV 0C Model Setup 'fpgaGlobalClock'
Slack : -9.174
TNS   : -963.822

Type  : Slow 1100mV 0C Model Hold 'fpgaGlobalClock'
Slack : 0.354
TNS   : 0.000

Type  : Slow 1100mV 0C Model Minimum Pulse Width 'fpgaGlobalClock'
Slack : -2.636
TNS   : -217.300

Type  : Fast 1100mV 85C Model Setup 'fpgaGlobalClock'
Slack : -4.365
TNS   : -459.992

Type  : Fast 1100mV 85C Model Hold 'fpgaGlobalClock'
Slack : 0.202
TNS   : 0.000

Type  : Fast 1100mV 85C Model Minimum Pulse Width 'fpgaGlobalClock'
Slack : -2.636
TNS   : -198.283

Type  : Fast 1100mV 0C Model Setup 'fpgaGlobalClock'
Slack : -3.932
TNS   : -403.867

Type  : Fast 1100mV 0C Model Hold 'fpgaGlobalClock'
Slack : 0.160
TNS   : 0.000

Type  : Fast 1100mV 0C Model Minimum Pulse Width 'fpgaGlobalClock'
Slack : -2.636
TNS   : -214.899

------------------------------------------------------------
